
> frontend@0.1.0 start
> next start -p 3006

  ▲ Next.js 14.2.35
  - Local:        http://localhost:3006

 ✓ Starting...
 ✓ Ready in 266ms
 ⨯ TypeError: fetch failed
    at node:internal/deps/undici/undici:15845:13
    at process.processTicksAndRejections (node:internal/process/task_queues:103:5)
    at async fetchExternalImage (C:\Users\Marco\EventsPlanner\frontend\node_modules\next\dist\server\image-optimizer.js:723:17)
    at async NextNodeServer.imageOptimizer (C:\Users\Marco\EventsPlanner\frontend\node_modules\next\dist\server\next-server.js:654:48)
    at async cacheEntry.imageResponseCache.get.incrementalCache (C:\Users\Marco\EventsPlanner\frontend\node_modules\next\dist\server\next-server.js:182:65)
    at async C:\Users\Marco\EventsPlanner\frontend\node_modules\next\dist\server\response-cache\index.js:90:36
    at async C:\Users\Marco\EventsPlanner\frontend\node_modules\next\dist\lib\batcher.js:45:32 {
  [cause]: Error: connect EACCES 151.101.206.208:443
      at TCPConnectWrap.afterConnect [as oncomplete] (node:net:1637:16) {
    errno: -4092,
    code: 'EACCES',
    syscall: 'connect',
    address: '151.101.206.208',
    port: 443
  }
}
 ⨯ TypeError: fetch failed
    at node:internal/deps/undici/undici:15845:13
    at process.processTicksAndRejections (node:internal/process/task_queues:103:5)
    at async fetchExternalImage (C:\Users\Marco\EventsPlanner\frontend\node_modules\next\dist\server\image-optimizer.js:723:17)
    at async NextNodeServer.imageOptimizer (C:\Users\Marco\EventsPlanner\frontend\node_modules\next\dist\server\next-server.js:654:48)
    at async cacheEntry.imageResponseCache.get.incrementalCache (C:\Users\Marco\EventsPlanner\frontend\node_modules\next\dist\server\next-server.js:182:65)
    at async C:\Users\Marco\EventsPlanner\frontend\node_modules\next\dist\server\response-cache\index.js:90:36
    at async C:\Users\Marco\EventsPlanner\frontend\node_modules\next\dist\lib\batcher.js:45:32 {
  [cause]: Error: connect EACCES 151.101.206.208:443
      at TCPConnectWrap.afterConnect [as oncomplete] (node:net:1637:16) {
    errno: -4092,
    code: 'EACCES',
    syscall: 'connect',
    address: '151.101.206.208',
    port: 443
  }
}
 ⨯ TypeError: fetch failed
    at node:internal/deps/undici/undici:15845:13
    at process.processTicksAndRejections (node:internal/process/task_queues:103:5)
    at async fetchExternalImage (C:\Users\Marco\EventsPlanner\frontend\node_modules\next\dist\server\image-optimizer.js:723:17)
    at async NextNodeServer.imageOptimizer (C:\Users\Marco\EventsPlanner\frontend\node_modules\next\dist\server\next-server.js:654:48)
    at async cacheEntry.imageResponseCache.get.incrementalCache (C:\Users\Marco\EventsPlanner\frontend\node_modules\next\dist\server\next-server.js:182:65)
    at async C:\Users\Marco\EventsPlanner\frontend\node_modules\next\dist\server\response-cache\index.js:90:36
    at async C:\Users\Marco\EventsPlanner\frontend\node_modules\next\dist\lib\batcher.js:45:32 {
  [cause]: Error: connect EACCES 151.101.206.208:443
      at TCPConnectWrap.afterConnect [as oncomplete] (node:net:1637:16) {
    errno: -4092,
    code: 'EACCES',
    syscall: 'connect',
    address: '151.101.206.208',
    port: 443
  }
}
 ⨯ TypeError: fetch failed
    at node:internal/deps/undici/undici:15845:13
    at process.processTicksAndRejections (node:internal/process/task_queues:103:5)
    at async fetchExternalImage (C:\Users\Marco\EventsPlanner\frontend\node_modules\next\dist\server\image-optimizer.js:723:17)
    at async NextNodeServer.imageOptimizer (C:\Users\Marco\EventsPlanner\frontend\node_modules\next\dist\server\next-server.js:654:48)
    at async cacheEntry.imageResponseCache.get.incrementalCache (C:\Users\Marco\EventsPlanner\frontend\node_modules\next\dist\server\next-server.js:182:65)
    at async C:\Users\Marco\EventsPlanner\frontend\node_modules\next\dist\server\response-cache\index.js:90:36
    at async C:\Users\Marco\EventsPlanner\frontend\node_modules\next\dist\lib\batcher.js:45:32 {
  [cause]: Error: connect EACCES 151.101.206.208:443
      at TCPConnectWrap.afterConnect [as oncomplete] (node:net:1637:16) {
    errno: -4092,
    code: 'EACCES',
    syscall: 'connect',
    address: '151.101.206.208',
    port: 443
  }
}
 ⨯ TypeError: fetch failed
    at node:internal/deps/undici/undici:15845:13
    at process.processTicksAndRejections (node:internal/process/task_queues:103:5)
    at async fetchExternalImage (C:\Users\Marco\EventsPlanner\frontend\node_modules\next\dist\server\image-optimizer.js:723:17)
    at async NextNodeServer.imageOptimizer (C:\Users\Marco\EventsPlanner\frontend\node_modules\next\dist\server\next-server.js:654:48)
    at async cacheEntry.imageResponseCache.get.incrementalCache (C:\Users\Marco\EventsPlanner\frontend\node_modules\next\dist\server\next-server.js:182:65)
    at async C:\Users\Marco\EventsPlanner\frontend\node_modules\next\dist\server\response-cache\index.js:90:36
    at async C:\Users\Marco\EventsPlanner\frontend\node_modules\next\dist\lib\batcher.js:45:32 {
  [cause]: Error: connect EACCES 151.101.206.208:443
      at TCPConnectWrap.afterConnect [as oncomplete] (node:net:1637:16) {
    errno: -4092,
    code: 'EACCES',
    syscall: 'connect',
    address: '151.101.206.208',
    port: 443
  }
}
 ⨯ TypeError: fetch failed
    at node:internal/deps/undici/undici:15845:13
    at process.processTicksAndRejections (node:internal/process/task_queues:103:5)
    at async fetchExternalImage (C:\Users\Marco\EventsPlanner\frontend\node_modules\next\dist\server\image-optimizer.js:723:17)
    at async NextNodeServer.imageOptimizer (C:\Users\Marco\EventsPlanner\frontend\node_modules\next\dist\server\next-server.js:654:48)
    at async cacheEntry.imageResponseCache.get.incrementalCache (C:\Users\Marco\EventsPlanner\frontend\node_modules\next\dist\server\next-server.js:182:65)
    at async C:\Users\Marco\EventsPlanner\frontend\node_modules\next\dist\server\response-cache\index.js:90:36
    at async C:\Users\Marco\EventsPlanner\frontend\node_modules\next\dist\lib\batcher.js:45:32 {
  [cause]: Error: connect EACCES 151.101.206.208:443
      at TCPConnectWrap.afterConnect [as oncomplete] (node:net:1637:16) {
    errno: -4092,
    code: 'EACCES',
    syscall: 'connect',
    address: '151.101.206.208',
    port: 443
  }
}
 ⨯ TypeError: fetch failed
    at node:internal/deps/undici/undici:15845:13
    at process.processTicksAndRejections (node:internal/process/task_queues:103:5)
    at async fetchExternalImage (C:\Users\Marco\EventsPlanner\frontend\node_modules\next\dist\server\image-optimizer.js:723:17)
    at async NextNodeServer.imageOptimizer (C:\Users\Marco\EventsPlanner\frontend\node_modules\next\dist\server\next-server.js:654:48)
    at async cacheEntry.imageResponseCache.get.incrementalCache (C:\Users\Marco\EventsPlanner\frontend\node_modules\next\dist\server\next-server.js:182:65)
    at async C:\Users\Marco\EventsPlanner\frontend\node_modules\next\dist\server\response-cache\index.js:90:36
    at async C:\Users\Marco\EventsPlanner\frontend\node_modules\next\dist\lib\batcher.js:45:32 {
  [cause]: Error: connect EACCES 151.101.206.208:443
      at TCPConnectWrap.afterConnect [as oncomplete] (node:net:1637:16) {
    errno: -4092,
    code: 'EACCES',
    syscall: 'connect',
    address: '151.101.206.208',
    port: 443
  }
}
 ⨯ TypeError: fetch failed
    at node:internal/deps/undici/undici:15845:13
    at process.processTicksAndRejections (node:internal/process/task_queues:103:5)
    at async fetchExternalImage (C:\Users\Marco\EventsPlanner\frontend\node_modules\next\dist\server\image-optimizer.js:723:17)
    at async NextNodeServer.imageOptimizer (C:\Users\Marco\EventsPlanner\frontend\node_modules\next\dist\server\next-server.js:654:48)
    at async cacheEntry.imageResponseCache.get.incrementalCache (C:\Users\Marco\EventsPlanner\frontend\node_modules\next\dist\server\next-server.js:182:65)
    at async C:\Users\Marco\EventsPlanner\frontend\node_modules\next\dist\server\response-cache\index.js:90:36
    at async C:\Users\Marco\EventsPlanner\frontend\node_modules\next\dist\lib\batcher.js:45:32 {
  [cause]: Error: connect EACCES 151.101.206.208:443
      at TCPConnectWrap.afterConnect [as oncomplete] (node:net:1637:16) {
    errno: -4092,
    code: 'EACCES',
    syscall: 'connect',
    address: '151.101.206.208',
    port: 443
  }
}
 ⨯ TypeError: fetch failed
    at node:internal/deps/undici/undici:15845:13
    at process.processTicksAndRejections (node:internal/process/task_queues:103:5)
    at async fetchExternalImage (C:\Users\Marco\EventsPlanner\frontend\node_modules\next\dist\server\image-optimizer.js:723:17)
    at async NextNodeServer.imageOptimizer (C:\Users\Marco\EventsPlanner\frontend\node_modules\next\dist\server\next-server.js:654:48)
    at async cacheEntry.imageResponseCache.get.incrementalCache (C:\Users\Marco\EventsPlanner\frontend\node_modules\next\dist\server\next-server.js:182:65)
    at async C:\Users\Marco\EventsPlanner\frontend\node_modules\next\dist\server\response-cache\index.js:90:36
    at async C:\Users\Marco\EventsPlanner\frontend\node_modules\next\dist\lib\batcher.js:45:32 {
  [cause]: Error: connect EACCES 151.101.206.208:443
      at TCPConnectWrap.afterConnect [as oncomplete] (node:net:1637:16) {
    errno: -4092,
    code: 'EACCES',
    syscall: 'connect',
    address: '151.101.206.208',
    port: 443
  }
}
 ⨯ TypeError: fetch failed
    at node:internal/deps/undici/undici:15845:13
    at process.processTicksAndRejections (node:internal/process/task_queues:103:5)
    at async fetchExternalImage (C:\Users\Marco\EventsPlanner\frontend\node_modules\next\dist\server\image-optimizer.js:723:17)
    at async NextNodeServer.imageOptimizer (C:\Users\Marco\EventsPlanner\frontend\node_modules\next\dist\server\next-server.js:654:48)
    at async cacheEntry.imageResponseCache.get.incrementalCache (C:\Users\Marco\EventsPlanner\frontend\node_modules\next\dist\server\next-server.js:182:65)
    at async C:\Users\Marco\EventsPlanner\frontend\node_modules\next\dist\server\response-cache\index.js:90:36
    at async C:\Users\Marco\EventsPlanner\frontend\node_modules\next\dist\lib\batcher.js:45:32 {
  [cause]: Error: connect EACCES 151.101.206.208:443
      at TCPConnectWrap.afterConnect [as oncomplete] (node:net:1637:16) {
    errno: -4092,
    code: 'EACCES',
    syscall: 'connect',
    address: '151.101.206.208',
    port: 443
  }
}
 ⨯ TypeError: fetch failed
    at node:internal/deps/undici/undici:15845:13
    at process.processTicksAndRejections (node:internal/process/task_queues:103:5)
    at async fetchExternalImage (C:\Users\Marco\EventsPlanner\frontend\node_modules\next\dist\server\image-optimizer.js:723:17)
    at async NextNodeServer.imageOptimizer (C:\Users\Marco\EventsPlanner\frontend\node_modules\next\dist\server\next-server.js:654:48)
    at async cacheEntry.imageResponseCache.get.incrementalCache (C:\Users\Marco\EventsPlanner\frontend\node_modules\next\dist\server\next-server.js:182:65)
    at async C:\Users\Marco\EventsPlanner\frontend\node_modules\next\dist\server\response-cache\index.js:90:36
    at async C:\Users\Marco\EventsPlanner\frontend\node_modules\next\dist\lib\batcher.js:45:32 {
  [cause]: Error: connect EACCES 151.101.206.208:443
      at TCPConnectWrap.afterConnect [as oncomplete] (node:net:1637:16) {
    errno: -4092,
    code: 'EACCES',
    syscall: 'connect',
    address: '151.101.206.208',
    port: 443
  }
}
 ⨯ TypeError: fetch failed
    at node:internal/deps/undici/undici:15845:13
    at process.processTicksAndRejections (node:internal/process/task_queues:103:5)
    at async fetchExternalImage (C:\Users\Marco\EventsPlanner\frontend\node_modules\next\dist\server\image-optimizer.js:723:17)
    at async NextNodeServer.imageOptimizer (C:\Users\Marco\EventsPlanner\frontend\node_modules\next\dist\server\next-server.js:654:48)
    at async cacheEntry.imageResponseCache.get.incrementalCache (C:\Users\Marco\EventsPlanner\frontend\node_modules\next\dist\server\next-server.js:182:65)
    at async C:\Users\Marco\EventsPlanner\frontend\node_modules\next\dist\server\response-cache\index.js:90:36
    at async C:\Users\Marco\EventsPlanner\frontend\node_modules\next\dist\lib\batcher.js:45:32 {
  [cause]: Error: connect EACCES 151.101.206.208:443
      at TCPConnectWrap.afterConnect [as oncomplete] (node:net:1637:16) {
    errno: -4092,
    code: 'EACCES',
    syscall: 'connect',
    address: '151.101.206.208',
    port: 443
  }
}
 ⨯ TypeError: fetch failed
    at node:internal/deps/undici/undici:15845:13
    at process.processTicksAndRejections (node:internal/process/task_queues:103:5)
    at async fetchExternalImage (C:\Users\Marco\EventsPlanner\frontend\node_modules\next\dist\server\image-optimizer.js:723:17)
    at async NextNodeServer.imageOptimizer (C:\Users\Marco\EventsPlanner\frontend\node_modules\next\dist\server\next-server.js:654:48)
    at async cacheEntry.imageResponseCache.get.incrementalCache (C:\Users\Marco\EventsPlanner\frontend\node_modules\next\dist\server\next-server.js:182:65)
    at async C:\Users\Marco\EventsPlanner\frontend\node_modules\next\dist\server\response-cache\index.js:90:36
    at async C:\Users\Marco\EventsPlanner\frontend\node_modules\next\dist\lib\batcher.js:45:32 {
  [cause]: Error: connect EACCES 151.101.206.208:443
      at TCPConnectWrap.afterConnect [as oncomplete] (node:net:1637:16) {
    errno: -4092,
    code: 'EACCES',
    syscall: 'connect',
    address: '151.101.206.208',
    port: 443
  }
}
 ⨯ TypeError: fetch failed
    at node:internal/deps/undici/undici:15845:13
    at process.processTicksAndRejections (node:internal/process/task_queues:103:5)
    at async fetchExternalImage (C:\Users\Marco\EventsPlanner\frontend\node_modules\next\dist\server\image-optimizer.js:723:17)
    at async NextNodeServer.imageOptimizer (C:\Users\Marco\EventsPlanner\frontend\node_modules\next\dist\server\next-server.js:654:48)
    at async cacheEntry.imageResponseCache.get.incrementalCache (C:\Users\Marco\EventsPlanner\frontend\node_modules\next\dist\server\next-server.js:182:65)
    at async C:\Users\Marco\EventsPlanner\frontend\node_modules\next\dist\server\response-cache\index.js:90:36
    at async C:\Users\Marco\EventsPlanner\frontend\node_modules\next\dist\lib\batcher.js:45:32 {
  [cause]: Error: connect EACCES 151.101.206.208:443
      at TCPConnectWrap.afterConnect [as oncomplete] (node:net:1637:16) {
    errno: -4092,
    code: 'EACCES',
    syscall: 'connect',
    address: '151.101.206.208',
    port: 443
  }
}
 ⨯ TypeError: fetch failed
    at node:internal/deps/undici/undici:15845:13
    at process.processTicksAndRejections (node:internal/process/task_queues:103:5)
    at async fetchExternalImage (C:\Users\Marco\EventsPlanner\frontend\node_modules\next\dist\server\image-optimizer.js:723:17)
    at async NextNodeServer.imageOptimizer (C:\Users\Marco\EventsPlanner\frontend\node_modules\next\dist\server\next-server.js:654:48)
    at async cacheEntry.imageResponseCache.get.incrementalCache (C:\Users\Marco\EventsPlanner\frontend\node_modules\next\dist\server\next-server.js:182:65)
    at async C:\Users\Marco\EventsPlanner\frontend\node_modules\next\dist\server\response-cache\index.js:90:36
    at async C:\Users\Marco\EventsPlanner\frontend\node_modules\next\dist\lib\batcher.js:45:32 {
  [cause]: Error: connect EACCES 151.101.206.208:443
      at TCPConnectWrap.afterConnect [as oncomplete] (node:net:1637:16) {
    errno: -4092,
    code: 'EACCES',
    syscall: 'connect',
    address: '151.101.206.208',
    port: 443
  }
}
 ⨯ TypeError: fetch failed
    at node:internal/deps/undici/undici:15845:13
    at process.processTicksAndRejections (node:internal/process/task_queues:103:5)
    at async fetchExternalImage (C:\Users\Marco\EventsPlanner\frontend\node_modules\next\dist\server\image-optimizer.js:723:17)
    at async NextNodeServer.imageOptimizer (C:\Users\Marco\EventsPlanner\frontend\node_modules\next\dist\server\next-server.js:654:48)
    at async cacheEntry.imageResponseCache.get.incrementalCache (C:\Users\Marco\EventsPlanner\frontend\node_modules\next\dist\server\next-server.js:182:65)
    at async C:\Users\Marco\EventsPlanner\frontend\node_modules\next\dist\server\response-cache\index.js:90:36
    at async C:\Users\Marco\EventsPlanner\frontend\node_modules\next\dist\lib\batcher.js:45:32 {
  [cause]: Error: connect EACCES 151.101.206.208:443
      at TCPConnectWrap.afterConnect [as oncomplete] (node:net:1637:16) {
    errno: -4092,
    code: 'EACCES',
    syscall: 'connect',
    address: '151.101.206.208',
    port: 443
  }
}
 ⨯ TypeError: fetch failed
    at node:internal/deps/undici/undici:15845:13
    at process.processTicksAndRejections (node:internal/process/task_queues:103:5)
    at async fetchExternalImage (C:\Users\Marco\EventsPlanner\frontend\node_modules\next\dist\server\image-optimizer.js:723:17)
    at async NextNodeServer.imageOptimizer (C:\Users\Marco\EventsPlanner\frontend\node_modules\next\dist\server\next-server.js:654:48)
    at async cacheEntry.imageResponseCache.get.incrementalCache (C:\Users\Marco\EventsPlanner\frontend\node_modules\next\dist\server\next-server.js:182:65)
    at async C:\Users\Marco\EventsPlanner\frontend\node_modules\next\dist\server\response-cache\index.js:90:36
    at async C:\Users\Marco\EventsPlanner\frontend\node_modules\next\dist\lib\batcher.js:45:32 {
  [cause]: Error: connect EACCES 151.101.206.208:443
      at TCPConnectWrap.afterConnect [as oncomplete] (node:net:1637:16) {
    errno: -4092,
    code: 'EACCES',
    syscall: 'connect',
    address: '151.101.206.208',
    port: 443
  }
}
 ⨯ TypeError: fetch failed
    at node:internal/deps/undici/undici:15845:13
    at process.processTicksAndRejections (node:internal/process/task_queues:103:5)
    at async fetchExternalImage (C:\Users\Marco\EventsPlanner\frontend\node_modules\next\dist\server\image-optimizer.js:723:17)
    at async NextNodeServer.imageOptimizer (C:\Users\Marco\EventsPlanner\frontend\node_modules\next\dist\server\next-server.js:654:48)
    at async cacheEntry.imageResponseCache.get.incrementalCache (C:\Users\Marco\EventsPlanner\frontend\node_modules\next\dist\server\next-server.js:182:65)
    at async C:\Users\Marco\EventsPlanner\frontend\node_modules\next\dist\server\response-cache\index.js:90:36
    at async C:\Users\Marco\EventsPlanner\frontend\node_modules\next\dist\lib\batcher.js:45:32 {
  [cause]: Error: connect EACCES 151.101.206.208:443
      at TCPConnectWrap.afterConnect [as oncomplete] (node:net:1637:16) {
    errno: -4092,
    code: 'EACCES',
    syscall: 'connect',
    address: '151.101.206.208',
    port: 443
  }
}
 ⨯ TypeError: fetch failed
    at node:internal/deps/undici/undici:15845:13
    at process.processTicksAndRejections (node:internal/process/task_queues:103:5)
    at async fetchExternalImage (C:\Users\Marco\EventsPlanner\frontend\node_modules\next\dist\server\image-optimizer.js:723:17)
    at async NextNodeServer.imageOptimizer (C:\Users\Marco\EventsPlanner\frontend\node_modules\next\dist\server\next-server.js:654:48)
    at async cacheEntry.imageResponseCache.get.incrementalCache (C:\Users\Marco\EventsPlanner\frontend\node_modules\next\dist\server\next-server.js:182:65)
    at async C:\Users\Marco\EventsPlanner\frontend\node_modules\next\dist\server\response-cache\index.js:90:36
    at async C:\Users\Marco\EventsPlanner\frontend\node_modules\next\dist\lib\batcher.js:45:32 {
  [cause]: Error: connect EACCES 151.101.206.208:443
      at TCPConnectWrap.afterConnect [as oncomplete] (node:net:1637:16) {
    errno: -4092,
    code: 'EACCES',
    syscall: 'connect',
    address: '151.101.206.208',
    port: 443
  }
}
 ⨯ TypeError: fetch failed
    at node:internal/deps/undici/undici:15845:13
    at process.processTicksAndRejections (node:internal/process/task_queues:103:5)
    at async fetchExternalImage (C:\Users\Marco\EventsPlanner\frontend\node_modules\next\dist\server\image-optimizer.js:723:17)
    at async NextNodeServer.imageOptimizer (C:\Users\Marco\EventsPlanner\frontend\node_modules\next\dist\server\next-server.js:654:48)
    at async cacheEntry.imageResponseCache.get.incrementalCache (C:\Users\Marco\EventsPlanner\frontend\node_modules\next\dist\server\next-server.js:182:65)
    at async C:\Users\Marco\EventsPlanner\frontend\node_modules\next\dist\server\response-cache\index.js:90:36
    at async C:\Users\Marco\EventsPlanner\frontend\node_modules\next\dist\lib\batcher.js:45:32 {
  [cause]: Error: connect EACCES 151.101.206.208:443
      at TCPConnectWrap.afterConnect [as oncomplete] (node:net:1637:16) {
    errno: -4092,
    code: 'EACCES',
    syscall: 'connect',
    address: '151.101.206.208',
    port: 443
  }
}
 ⨯ TypeError: fetch failed
    at node:internal/deps/undici/undici:15845:13
    at process.processTicksAndRejections (node:internal/process/task_queues:103:5)
    at async fetchExternalImage (C:\Users\Marco\EventsPlanner\frontend\node_modules\next\dist\server\image-optimizer.js:723:17)
    at async NextNodeServer.imageOptimizer (C:\Users\Marco\EventsPlanner\frontend\node_modules\next\dist\server\next-server.js:654:48)
    at async cacheEntry.imageResponseCache.get.incrementalCache (C:\Users\Marco\EventsPlanner\frontend\node_modules\next\dist\server\next-server.js:182:65)
    at async C:\Users\Marco\EventsPlanner\frontend\node_modules\next\dist\server\response-cache\index.js:90:36
    at async C:\Users\Marco\EventsPlanner\frontend\node_modules\next\dist\lib\batcher.js:45:32 {
  [cause]: Error: connect EACCES 151.101.206.208:443
      at TCPConnectWrap.afterConnect [as oncomplete] (node:net:1637:16) {
    errno: -4092,
    code: 'EACCES',
    syscall: 'connect',
    address: '151.101.206.208',
    port: 443
  }
}
 ⨯ TypeError: fetch failed
    at node:internal/deps/undici/undici:15845:13
    at process.processTicksAndRejections (node:internal/process/task_queues:103:5)
    at async fetchExternalImage (C:\Users\Marco\EventsPlanner\frontend\node_modules\next\dist\server\image-optimizer.js:723:17)
    at async NextNodeServer.imageOptimizer (C:\Users\Marco\EventsPlanner\frontend\node_modules\next\dist\server\next-server.js:654:48)
    at async cacheEntry.imageResponseCache.get.incrementalCache (C:\Users\Marco\EventsPlanner\frontend\node_modules\next\dist\server\next-server.js:182:65)
    at async C:\Users\Marco\EventsPlanner\frontend\node_modules\next\dist\server\response-cache\index.js:90:36
    at async C:\Users\Marco\EventsPlanner\frontend\node_modules\next\dist\lib\batcher.js:45:32 {
  [cause]: Error: connect EACCES 151.101.206.208:443
      at TCPConnectWrap.afterConnect [as oncomplete] (node:net:1637:16) {
    errno: -4092,
    code: 'EACCES',
    syscall: 'connect',
    address: '151.101.206.208',
    port: 443
  }
}
 ⨯ TypeError: fetch failed
    at node:internal/deps/undici/undici:15845:13
    at process.processTicksAndRejections (node:internal/process/task_queues:103:5)
    at async fetchExternalImage (C:\Users\Marco\EventsPlanner\frontend\node_modules\next\dist\server\image-optimizer.js:723:17)
    at async NextNodeServer.imageOptimizer (C:\Users\Marco\EventsPlanner\frontend\node_modules\next\dist\server\next-server.js:654:48)
    at async cacheEntry.imageResponseCache.get.incrementalCache (C:\Users\Marco\EventsPlanner\frontend\node_modules\next\dist\server\next-server.js:182:65)
    at async C:\Users\Marco\EventsPlanner\frontend\node_modules\next\dist\server\response-cache\index.js:90:36
    at async C:\Users\Marco\EventsPlanner\frontend\node_modules\next\dist\lib\batcher.js:45:32 {
  [cause]: Error: connect EACCES 151.101.206.208:443
      at TCPConnectWrap.afterConnect [as oncomplete] (node:net:1637:16) {
    errno: -4092,
    code: 'EACCES',
    syscall: 'connect',
    address: '151.101.206.208',
    port: 443
  }
}
 ⨯ TypeError: fetch failed
    at node:internal/deps/undici/undici:15845:13
    at process.processTicksAndRejections (node:internal/process/task_queues:103:5)
    at async fetchExternalImage (C:\Users\Marco\EventsPlanner\frontend\node_modules\next\dist\server\image-optimizer.js:723:17)
    at async NextNodeServer.imageOptimizer (C:\Users\Marco\EventsPlanner\frontend\node_modules\next\dist\server\next-server.js:654:48)
    at async cacheEntry.imageResponseCache.get.incrementalCache (C:\Users\Marco\EventsPlanner\frontend\node_modules\next\dist\server\next-server.js:182:65)
    at async C:\Users\Marco\EventsPlanner\frontend\node_modules\next\dist\server\response-cache\index.js:90:36
    at async C:\Users\Marco\EventsPlanner\frontend\node_modules\next\dist\lib\batcher.js:45:32 {
  [cause]: Error: connect EACCES 151.101.206.208:443
      at TCPConnectWrap.afterConnect [as oncomplete] (node:net:1637:16) {
    errno: -4092,
    code: 'EACCES',
    syscall: 'connect',
    address: '151.101.206.208',
    port: 443
  }
}
 ⨯ TypeError: fetch failed
    at node:internal/deps/undici/undici:15845:13
    at process.processTicksAndRejections (node:internal/process/task_queues:103:5)
    at async fetchExternalImage (C:\Users\Marco\EventsPlanner\frontend\node_modules\next\dist\server\image-optimizer.js:723:17)
    at async NextNodeServer.imageOptimizer (C:\Users\Marco\EventsPlanner\frontend\node_modules\next\dist\server\next-server.js:654:48)
    at async cacheEntry.imageResponseCache.get.incrementalCache (C:\Users\Marco\EventsPlanner\frontend\node_modules\next\dist\server\next-server.js:182:65)
    at async C:\Users\Marco\EventsPlanner\frontend\node_modules\next\dist\server\response-cache\index.js:90:36
    at async C:\Users\Marco\EventsPlanner\frontend\node_modules\next\dist\lib\batcher.js:45:32 {
  [cause]: Error: connect EACCES 151.101.206.208:443
      at TCPConnectWrap.afterConnect [as oncomplete] (node:net:1637:16) {
    errno: -4092,
    code: 'EACCES',
    syscall: 'connect',
    address: '151.101.206.208',
    port: 443
  }
}
 ⨯ TypeError: fetch failed
    at node:internal/deps/undici/undici:15845:13
    at process.processTicksAndRejections (node:internal/process/task_queues:103:5)
    at async fetchExternalImage (C:\Users\Marco\EventsPlanner\frontend\node_modules\next\dist\server\image-optimizer.js:723:17)
    at async NextNodeServer.imageOptimizer (C:\Users\Marco\EventsPlanner\frontend\node_modules\next\dist\server\next-server.js:654:48)
    at async cacheEntry.imageResponseCache.get.incrementalCache (C:\Users\Marco\EventsPlanner\frontend\node_modules\next\dist\server\next-server.js:182:65)
    at async C:\Users\Marco\EventsPlanner\frontend\node_modules\next\dist\server\response-cache\index.js:90:36
    at async C:\Users\Marco\EventsPlanner\frontend\node_modules\next\dist\lib\batcher.js:45:32 {
  [cause]: Error: connect EACCES 151.101.206.208:443
      at TCPConnectWrap.afterConnect [as oncomplete] (node:net:1637:16) {
    errno: -4092,
    code: 'EACCES',
    syscall: 'connect',
    address: '151.101.206.208',
    port: 443
  }
}
 ⨯ TypeError: fetch failed
    at node:internal/deps/undici/undici:15845:13
    at process.processTicksAndRejections (node:internal/process/task_queues:103:5)
    at async fetchExternalImage (C:\Users\Marco\EventsPlanner\frontend\node_modules\next\dist\server\image-optimizer.js:723:17)
    at async NextNodeServer.imageOptimizer (C:\Users\Marco\EventsPlanner\frontend\node_modules\next\dist\server\next-server.js:654:48)
    at async cacheEntry.imageResponseCache.get.incrementalCache (C:\Users\Marco\EventsPlanner\frontend\node_modules\next\dist\server\next-server.js:182:65)
    at async C:\Users\Marco\EventsPlanner\frontend\node_modules\next\dist\server\response-cache\index.js:90:36
    at async C:\Users\Marco\EventsPlanner\frontend\node_modules\next\dist\lib\batcher.js:45:32 {
  [cause]: Error: connect EACCES 151.101.206.208:443
      at TCPConnectWrap.afterConnect [as oncomplete] (node:net:1637:16) {
    errno: -4092,
    code: 'EACCES',
    syscall: 'connect',
    address: '151.101.206.208',
    port: 443
  }
}
 ⨯ TypeError: fetch failed
    at node:internal/deps/undici/undici:15845:13
    at process.processTicksAndRejections (node:internal/process/task_queues:103:5)
    at async fetchExternalImage (C:\Users\Marco\EventsPlanner\frontend\node_modules\next\dist\server\image-optimizer.js:723:17)
    at async NextNodeServer.imageOptimizer (C:\Users\Marco\EventsPlanner\frontend\node_modules\next\dist\server\next-server.js:654:48)
    at async cacheEntry.imageResponseCache.get.incrementalCache (C:\Users\Marco\EventsPlanner\frontend\node_modules\next\dist\server\next-server.js:182:65)
    at async C:\Users\Marco\EventsPlanner\frontend\node_modules\next\dist\server\response-cache\index.js:90:36
    at async C:\Users\Marco\EventsPlanner\frontend\node_modules\next\dist\lib\batcher.js:45:32 {
  [cause]: Error: connect EACCES 151.101.206.208:443
      at TCPConnectWrap.afterConnect [as oncomplete] (node:net:1637:16) {
    errno: -4092,
    code: 'EACCES',
    syscall: 'connect',
    address: '151.101.206.208',
    port: 443
  }
}
 ⨯ TypeError: fetch failed
    at node:internal/deps/undici/undici:15845:13
    at process.processTicksAndRejections (node:internal/process/task_queues:103:5)
    at async fetchExternalImage (C:\Users\Marco\EventsPlanner\frontend\node_modules\next\dist\server\image-optimizer.js:723:17)
    at async NextNodeServer.imageOptimizer (C:\Users\Marco\EventsPlanner\frontend\node_modules\next\dist\server\next-server.js:654:48)
    at async cacheEntry.imageResponseCache.get.incrementalCache (C:\Users\Marco\EventsPlanner\frontend\node_modules\next\dist\server\next-server.js:182:65)
    at async C:\Users\Marco\EventsPlanner\frontend\node_modules\next\dist\server\response-cache\index.js:90:36
    at async C:\Users\Marco\EventsPlanner\frontend\node_modules\next\dist\lib\batcher.js:45:32 {
  [cause]: Error: connect EACCES 151.101.206.208:443
      at TCPConnectWrap.afterConnect [as oncomplete] (node:net:1637:16) {
    errno: -4092,
    code: 'EACCES',
    syscall: 'connect',
    address: '151.101.206.208',
    port: 443
  }
}
 ⨯ TypeError: fetch failed
    at node:internal/deps/undici/undici:15845:13
    at process.processTicksAndRejections (node:internal/process/task_queues:103:5)
    at async fetchExternalImage (C:\Users\Marco\EventsPlanner\frontend\node_modules\next\dist\server\image-optimizer.js:723:17)
    at async NextNodeServer.imageOptimizer (C:\Users\Marco\EventsPlanner\frontend\node_modules\next\dist\server\next-server.js:654:48)
    at async cacheEntry.imageResponseCache.get.incrementalCache (C:\Users\Marco\EventsPlanner\frontend\node_modules\next\dist\server\next-server.js:182:65)
    at async C:\Users\Marco\EventsPlanner\frontend\node_modules\next\dist\server\response-cache\index.js:90:36
    at async C:\Users\Marco\EventsPlanner\frontend\node_modules\next\dist\lib\batcher.js:45:32 {
  [cause]: Error: connect EACCES 151.101.206.208:443
      at TCPConnectWrap.afterConnect [as oncomplete] (node:net:1637:16) {
    errno: -4092,
    code: 'EACCES',
    syscall: 'connect',
    address: '151.101.206.208',
    port: 443
  }
}
