
> frontend@0.1.0 start
> next start -p 3005

  ▲ Next.js 14.2.35
  - Local:        http://localhost:3005

 ✓ Starting...
 ✓ Ready in 247ms
 ⨯ TypeError: Cannot read properties of undefined (reading 'default')
    at runWithTaggedErrors (C:\Users\Marco\EventsPlanner\frontend\node_modules\next\dist\server\web\sandbox\sandbox.js:79:88)
    at process.processTicksAndRejections (node:internal/process/task_queues:103:5)
    at async NextNodeServer.runEdgeFunction (C:\Users\Marco\EventsPlanner\frontend\node_modules\next\dist\server\next-server.js:1207:24)
    at async NextNodeServer.handleCatchallRenderRequest (C:\Users\Marco\EventsPlanner\frontend\node_modules\next\dist\server\next-server.js:248:37)
    at async NextNodeServer.handleRequestImpl (C:\Users\Marco\EventsPlanner\frontend\node_modules\next\dist\server\base-server.js:818:17)
    at async invokeRender (C:\Users\Marco\EventsPlanner\frontend\node_modules\next\dist\server\lib\router-server.js:179:21)
    at async handleRequest (C:\Users\Marco\EventsPlanner\frontend\node_modules\next\dist\server\lib\router-server.js:359:24)
    at async requestHandlerImpl (C:\Users\Marco\EventsPlanner\frontend\node_modules\next\dist\server\lib\router-server.js:383:13)
    at async Server.requestListener (C:\Users\Marco\EventsPlanner\frontend\node_modules\next\dist\server\lib\start-server.js:141:13)
 ⨯ Error: Cannot find module './682.js'
Require stack:
- C:\Users\Marco\EventsPlanner\frontend\.next\server\webpack-runtime.js
- C:\Users\Marco\EventsPlanner\frontend\.next\server\pages\_document.js
- C:\Users\Marco\EventsPlanner\frontend\node_modules\next\dist\server\require.js
- C:\Users\Marco\EventsPlanner\frontend\node_modules\next\dist\server\next-server.js
- C:\Users\Marco\EventsPlanner\frontend\node_modules\next\dist\server\next.js
- C:\Users\Marco\EventsPlanner\frontend\node_modules\next\dist\server\lib\start-server.js
- C:\Users\Marco\EventsPlanner\frontend\node_modules\next\dist\cli\next-start.js
    at Module.<anonymous> (node:internal/modules/cjs/loader:1421:15)
    at C:\Users\Marco\EventsPlanner\frontend\node_modules\next\dist\server\require-hook.js:55:36
    at defaultResolveImpl (node:internal/modules/cjs/loader:1059:19)
    at resolveForCJSWithHooks (node:internal/modules/cjs/loader:1064:22)
    at Module._load (node:internal/modules/cjs/loader:1227:37)
    at TracingChannel.traceSync (node:diagnostics_channel:328:14)
    at wrapModuleLoad (node:internal/modules/cjs/loader:245:24)
    at Module.<anonymous> (node:internal/modules/cjs/loader:1504:12)
    at mod.require (C:\Users\Marco\EventsPlanner\frontend\node_modules\next\dist\server\require-hook.js:65:28)
    at require (node:internal/modules/helpers:152:16) {
  code: 'MODULE_NOT_FOUND',
  requireStack: [
    'C:\\Users\\Marco\\EventsPlanner\\frontend\\.next\\server\\webpack-runtime.js',
    'C:\\Users\\Marco\\EventsPlanner\\frontend\\.next\\server\\pages\\_document.js',
    'C:\\Users\\Marco\\EventsPlanner\\frontend\\node_modules\\next\\dist\\server\\require.js',
    'C:\\Users\\Marco\\EventsPlanner\\frontend\\node_modules\\next\\dist\\server\\next-server.js',
    'C:\\Users\\Marco\\EventsPlanner\\frontend\\node_modules\\next\\dist\\server\\next.js',
    'C:\\Users\\Marco\\EventsPlanner\\frontend\\node_modules\\next\\dist\\server\\lib\\start-server.js',
    'C:\\Users\\Marco\\EventsPlanner\\frontend\\node_modules\\next\\dist\\cli\\next-start.js'
  ]
}
 ⨯ TypeError: Cannot read properties of undefined (reading 'default')
    at runWithTaggedErrors (C:\Users\Marco\EventsPlanner\frontend\node_modules\next\dist\server\web\sandbox\sandbox.js:79:88)
    at process.processTicksAndRejections (node:internal/process/task_queues:103:5)
    at async NextNodeServer.runEdgeFunction (C:\Users\Marco\EventsPlanner\frontend\node_modules\next\dist\server\next-server.js:1207:24)
    at async NextNodeServer.handleCatchallRenderRequest (C:\Users\Marco\EventsPlanner\frontend\node_modules\next\dist\server\next-server.js:248:37)
    at async NextNodeServer.handleRequestImpl (C:\Users\Marco\EventsPlanner\frontend\node_modules\next\dist\server\base-server.js:818:17)
    at async invokeRender (C:\Users\Marco\EventsPlanner\frontend\node_modules\next\dist\server\lib\router-server.js:179:21)
    at async handleRequest (C:\Users\Marco\EventsPlanner\frontend\node_modules\next\dist\server\lib\router-server.js:359:24)
    at async requestHandlerImpl (C:\Users\Marco\EventsPlanner\frontend\node_modules\next\dist\server\lib\router-server.js:383:13)
    at async Server.requestListener (C:\Users\Marco\EventsPlanner\frontend\node_modules\next\dist\server\lib\start-server.js:141:13)
 ⨯ Error: Cannot find module './682.js'
Require stack:
- C:\Users\Marco\EventsPlanner\frontend\.next\server\webpack-runtime.js
- C:\Users\Marco\EventsPlanner\frontend\.next\server\pages\_document.js
- C:\Users\Marco\EventsPlanner\frontend\node_modules\next\dist\server\require.js
- C:\Users\Marco\EventsPlanner\frontend\node_modules\next\dist\server\next-server.js
- C:\Users\Marco\EventsPlanner\frontend\node_modules\next\dist\server\next.js
- C:\Users\Marco\EventsPlanner\frontend\node_modules\next\dist\server\lib\start-server.js
- C:\Users\Marco\EventsPlanner\frontend\node_modules\next\dist\cli\next-start.js
    at Module.<anonymous> (node:internal/modules/cjs/loader:1421:15)
    at C:\Users\Marco\EventsPlanner\frontend\node_modules\next\dist\server\require-hook.js:55:36
    at defaultResolveImpl (node:internal/modules/cjs/loader:1059:19)
    at resolveForCJSWithHooks (node:internal/modules/cjs/loader:1064:22)
    at Module._load (node:internal/modules/cjs/loader:1227:37)
    at TracingChannel.traceSync (node:diagnostics_channel:328:14)
    at wrapModuleLoad (node:internal/modules/cjs/loader:245:24)
    at Module.<anonymous> (node:internal/modules/cjs/loader:1504:12)
    at mod.require (C:\Users\Marco\EventsPlanner\frontend\node_modules\next\dist\server\require-hook.js:65:28)
    at require (node:internal/modules/helpers:152:16) {
  code: 'MODULE_NOT_FOUND',
  requireStack: [
    'C:\\Users\\Marco\\EventsPlanner\\frontend\\.next\\server\\webpack-runtime.js',
    'C:\\Users\\Marco\\EventsPlanner\\frontend\\.next\\server\\pages\\_document.js',
    'C:\\Users\\Marco\\EventsPlanner\\frontend\\node_modules\\next\\dist\\server\\require.js',
    'C:\\Users\\Marco\\EventsPlanner\\frontend\\node_modules\\next\\dist\\server\\next-server.js',
    'C:\\Users\\Marco\\EventsPlanner\\frontend\\node_modules\\next\\dist\\server\\next.js',
    'C:\\Users\\Marco\\EventsPlanner\\frontend\\node_modules\\next\\dist\\server\\lib\\start-server.js',
    'C:\\Users\\Marco\\EventsPlanner\\frontend\\node_modules\\next\\dist\\cli\\next-start.js'
  ]
}
 ⨯ TypeError: Cannot read properties of undefined (reading 'default')
    at runWithTaggedErrors (C:\Users\Marco\EventsPlanner\frontend\node_modules\next\dist\server\web\sandbox\sandbox.js:79:88)
    at process.processTicksAndRejections (node:internal/process/task_queues:103:5)
    at async NextNodeServer.runEdgeFunction (C:\Users\Marco\EventsPlanner\frontend\node_modules\next\dist\server\next-server.js:1207:24)
    at async NextNodeServer.handleCatchallRenderRequest (C:\Users\Marco\EventsPlanner\frontend\node_modules\next\dist\server\next-server.js:248:37)
    at async NextNodeServer.handleRequestImpl (C:\Users\Marco\EventsPlanner\frontend\node_modules\next\dist\server\base-server.js:818:17)
    at async invokeRender (C:\Users\Marco\EventsPlanner\frontend\node_modules\next\dist\server\lib\router-server.js:179:21)
    at async handleRequest (C:\Users\Marco\EventsPlanner\frontend\node_modules\next\dist\server\lib\router-server.js:359:24)
    at async requestHandlerImpl (C:\Users\Marco\EventsPlanner\frontend\node_modules\next\dist\server\lib\router-server.js:383:13)
    at async Server.requestListener (C:\Users\Marco\EventsPlanner\frontend\node_modules\next\dist\server\lib\start-server.js:141:13)
 ⨯ Error: Cannot find module './682.js'
Require stack:
- C:\Users\Marco\EventsPlanner\frontend\.next\server\webpack-runtime.js
- C:\Users\Marco\EventsPlanner\frontend\.next\server\pages\_document.js
- C:\Users\Marco\EventsPlanner\frontend\node_modules\next\dist\server\require.js
- C:\Users\Marco\EventsPlanner\frontend\node_modules\next\dist\server\next-server.js
- C:\Users\Marco\EventsPlanner\frontend\node_modules\next\dist\server\next.js
- C:\Users\Marco\EventsPlanner\frontend\node_modules\next\dist\server\lib\start-server.js
- C:\Users\Marco\EventsPlanner\frontend\node_modules\next\dist\cli\next-start.js
    at Module.<anonymous> (node:internal/modules/cjs/loader:1421:15)
    at C:\Users\Marco\EventsPlanner\frontend\node_modules\next\dist\server\require-hook.js:55:36
    at defaultResolveImpl (node:internal/modules/cjs/loader:1059:19)
    at resolveForCJSWithHooks (node:internal/modules/cjs/loader:1064:22)
    at Module._load (node:internal/modules/cjs/loader:1227:37)
    at TracingChannel.traceSync (node:diagnostics_channel:328:14)
    at wrapModuleLoad (node:internal/modules/cjs/loader:245:24)
    at Module.<anonymous> (node:internal/modules/cjs/loader:1504:12)
    at mod.require (C:\Users\Marco\EventsPlanner\frontend\node_modules\next\dist\server\require-hook.js:65:28)
    at require (node:internal/modules/helpers:152:16) {
  code: 'MODULE_NOT_FOUND',
  requireStack: [
    'C:\\Users\\Marco\\EventsPlanner\\frontend\\.next\\server\\webpack-runtime.js',
    'C:\\Users\\Marco\\EventsPlanner\\frontend\\.next\\server\\pages\\_document.js',
    'C:\\Users\\Marco\\EventsPlanner\\frontend\\node_modules\\next\\dist\\server\\require.js',
    'C:\\Users\\Marco\\EventsPlanner\\frontend\\node_modules\\next\\dist\\server\\next-server.js',
    'C:\\Users\\Marco\\EventsPlanner\\frontend\\node_modules\\next\\dist\\server\\next.js',
    'C:\\Users\\Marco\\EventsPlanner\\frontend\\node_modules\\next\\dist\\server\\lib\\start-server.js',
    'C:\\Users\\Marco\\EventsPlanner\\frontend\\node_modules\\next\\dist\\cli\\next-start.js'
  ]
}
 ⨯ TypeError: Cannot read properties of undefined (reading 'default')
    at runWithTaggedErrors (C:\Users\Marco\EventsPlanner\frontend\node_modules\next\dist\server\web\sandbox\sandbox.js:79:88)
    at process.processTicksAndRejections (node:internal/process/task_queues:103:5)
    at async NextNodeServer.runEdgeFunction (C:\Users\Marco\EventsPlanner\frontend\node_modules\next\dist\server\next-server.js:1207:24)
    at async NextNodeServer.handleCatchallRenderRequest (C:\Users\Marco\EventsPlanner\frontend\node_modules\next\dist\server\next-server.js:248:37)
    at async NextNodeServer.handleRequestImpl (C:\Users\Marco\EventsPlanner\frontend\node_modules\next\dist\server\base-server.js:818:17)
    at async invokeRender (C:\Users\Marco\EventsPlanner\frontend\node_modules\next\dist\server\lib\router-server.js:179:21)
    at async handleRequest (C:\Users\Marco\EventsPlanner\frontend\node_modules\next\dist\server\lib\router-server.js:359:24)
    at async requestHandlerImpl (C:\Users\Marco\EventsPlanner\frontend\node_modules\next\dist\server\lib\router-server.js:383:13)
    at async Server.requestListener (C:\Users\Marco\EventsPlanner\frontend\node_modules\next\dist\server\lib\start-server.js:141:13)
 ⨯ Error: Cannot find module './682.js'
Require stack:
- C:\Users\Marco\EventsPlanner\frontend\.next\server\webpack-runtime.js
- C:\Users\Marco\EventsPlanner\frontend\.next\server\pages\_document.js
- C:\Users\Marco\EventsPlanner\frontend\node_modules\next\dist\server\require.js
- C:\Users\Marco\EventsPlanner\frontend\node_modules\next\dist\server\next-server.js
- C:\Users\Marco\EventsPlanner\frontend\node_modules\next\dist\server\next.js
- C:\Users\Marco\EventsPlanner\frontend\node_modules\next\dist\server\lib\start-server.js
- C:\Users\Marco\EventsPlanner\frontend\node_modules\next\dist\cli\next-start.js
    at Module.<anonymous> (node:internal/modules/cjs/loader:1421:15)
    at C:\Users\Marco\EventsPlanner\frontend\node_modules\next\dist\server\require-hook.js:55:36
    at defaultResolveImpl (node:internal/modules/cjs/loader:1059:19)
    at resolveForCJSWithHooks (node:internal/modules/cjs/loader:1064:22)
    at Module._load (node:internal/modules/cjs/loader:1227:37)
    at TracingChannel.traceSync (node:diagnostics_channel:328:14)
    at wrapModuleLoad (node:internal/modules/cjs/loader:245:24)
    at Module.<anonymous> (node:internal/modules/cjs/loader:1504:12)
    at mod.require (C:\Users\Marco\EventsPlanner\frontend\node_modules\next\dist\server\require-hook.js:65:28)
    at require (node:internal/modules/helpers:152:16) {
  code: 'MODULE_NOT_FOUND',
  requireStack: [
    'C:\\Users\\Marco\\EventsPlanner\\frontend\\.next\\server\\webpack-runtime.js',
    'C:\\Users\\Marco\\EventsPlanner\\frontend\\.next\\server\\pages\\_document.js',
    'C:\\Users\\Marco\\EventsPlanner\\frontend\\node_modules\\next\\dist\\server\\require.js',
    'C:\\Users\\Marco\\EventsPlanner\\frontend\\node_modules\\next\\dist\\server\\next-server.js',
    'C:\\Users\\Marco\\EventsPlanner\\frontend\\node_modules\\next\\dist\\server\\next.js',
    'C:\\Users\\Marco\\EventsPlanner\\frontend\\node_modules\\next\\dist\\server\\lib\\start-server.js',
    'C:\\Users\\Marco\\EventsPlanner\\frontend\\node_modules\\next\\dist\\cli\\next-start.js'
  ]
}
 ⨯ TypeError: Cannot read properties of undefined (reading 'default')
    at runWithTaggedErrors (C:\Users\Marco\EventsPlanner\frontend\node_modules\next\dist\server\web\sandbox\sandbox.js:79:88)
    at process.processTicksAndRejections (node:internal/process/task_queues:103:5)
    at async NextNodeServer.runEdgeFunction (C:\Users\Marco\EventsPlanner\frontend\node_modules\next\dist\server\next-server.js:1207:24)
    at async NextNodeServer.handleCatchallRenderRequest (C:\Users\Marco\EventsPlanner\frontend\node_modules\next\dist\server\next-server.js:248:37)
    at async NextNodeServer.handleRequestImpl (C:\Users\Marco\EventsPlanner\frontend\node_modules\next\dist\server\base-server.js:818:17)
    at async invokeRender (C:\Users\Marco\EventsPlanner\frontend\node_modules\next\dist\server\lib\router-server.js:179:21)
    at async handleRequest (C:\Users\Marco\EventsPlanner\frontend\node_modules\next\dist\server\lib\router-server.js:359:24)
    at async requestHandlerImpl (C:\Users\Marco\EventsPlanner\frontend\node_modules\next\dist\server\lib\router-server.js:383:13)
    at async Server.requestListener (C:\Users\Marco\EventsPlanner\frontend\node_modules\next\dist\server\lib\start-server.js:141:13)
 ⨯ Error: Cannot find module './682.js'
Require stack:
- C:\Users\Marco\EventsPlanner\frontend\.next\server\webpack-runtime.js
- C:\Users\Marco\EventsPlanner\frontend\.next\server\pages\_document.js
- C:\Users\Marco\EventsPlanner\frontend\node_modules\next\dist\server\require.js
- C:\Users\Marco\EventsPlanner\frontend\node_modules\next\dist\server\next-server.js
- C:\Users\Marco\EventsPlanner\frontend\node_modules\next\dist\server\next.js
- C:\Users\Marco\EventsPlanner\frontend\node_modules\next\dist\server\lib\start-server.js
- C:\Users\Marco\EventsPlanner\frontend\node_modules\next\dist\cli\next-start.js
    at Module.<anonymous> (node:internal/modules/cjs/loader:1421:15)
    at C:\Users\Marco\EventsPlanner\frontend\node_modules\next\dist\server\require-hook.js:55:36
    at defaultResolveImpl (node:internal/modules/cjs/loader:1059:19)
    at resolveForCJSWithHooks (node:internal/modules/cjs/loader:1064:22)
    at Module._load (node:internal/modules/cjs/loader:1227:37)
    at TracingChannel.traceSync (node:diagnostics_channel:328:14)
    at wrapModuleLoad (node:internal/modules/cjs/loader:245:24)
    at Module.<anonymous> (node:internal/modules/cjs/loader:1504:12)
    at mod.require (C:\Users\Marco\EventsPlanner\frontend\node_modules\next\dist\server\require-hook.js:65:28)
    at require (node:internal/modules/helpers:152:16) {
  code: 'MODULE_NOT_FOUND',
  requireStack: [
    'C:\\Users\\Marco\\EventsPlanner\\frontend\\.next\\server\\webpack-runtime.js',
    'C:\\Users\\Marco\\EventsPlanner\\frontend\\.next\\server\\pages\\_document.js',
    'C:\\Users\\Marco\\EventsPlanner\\frontend\\node_modules\\next\\dist\\server\\require.js',
    'C:\\Users\\Marco\\EventsPlanner\\frontend\\node_modules\\next\\dist\\server\\next-server.js',
    'C:\\Users\\Marco\\EventsPlanner\\frontend\\node_modules\\next\\dist\\server\\next.js',
    'C:\\Users\\Marco\\EventsPlanner\\frontend\\node_modules\\next\\dist\\server\\lib\\start-server.js',
    'C:\\Users\\Marco\\EventsPlanner\\frontend\\node_modules\\next\\dist\\cli\\next-start.js'
  ]
}
